Archive member included because of file (symbol)

/usr/local/Cellar/gcc-arm-none-eabi/20140805/bin/../lib/gcc/arm-none-eabi/4.8.4/armv6-m/libgcc.a(_udivsi3.o)
                              ./utilities/fsl_debug_console.o (__aeabi_uidiv)
/usr/local/Cellar/gcc-arm-none-eabi/20140805/bin/../lib/gcc/arm-none-eabi/4.8.4/armv6-m/libgcc.a(_divsi3.o)
                              ./utilities/fsl_debug_console.o (__aeabi_idiv)
/usr/local/Cellar/gcc-arm-none-eabi/20140805/bin/../lib/gcc/arm-none-eabi/4.8.4/armv6-m/libgcc.a(_dvmd_tls.o)
                              /usr/local/Cellar/gcc-arm-none-eabi/20140805/bin/../lib/gcc/arm-none-eabi/4.8.4/armv6-m/libgcc.a(_udivsi3.o) (__aeabi_idiv0)
/usr/local/Cellar/gcc-arm-none-eabi/20140805/bin/../lib/gcc/arm-none-eabi/4.8.4/../../../../arm-none-eabi/lib/armv6-m/libg_s.a(lib_a-errno.o)
                              ./utilities/fsl_sbrk.o (__errno)
/usr/local/Cellar/gcc-arm-none-eabi/20140805/bin/../lib/gcc/arm-none-eabi/4.8.4/../../../../arm-none-eabi/lib/armv6-m/libg_s.a(lib_a-exit.o)
                              /usr/local/Cellar/gcc-arm-none-eabi/20140805/bin/../lib/gcc/arm-none-eabi/4.8.4/../../../../arm-none-eabi/lib/armv6-m/crt0.o (exit)
/usr/local/Cellar/gcc-arm-none-eabi/20140805/bin/../lib/gcc/arm-none-eabi/4.8.4/../../../../arm-none-eabi/lib/armv6-m/libg_s.a(lib_a-impure.o)
                              /usr/local/Cellar/gcc-arm-none-eabi/20140805/bin/../lib/gcc/arm-none-eabi/4.8.4/../../../../arm-none-eabi/lib/armv6-m/libg_s.a(lib_a-exit.o) (_global_impure_ptr)
/usr/local/Cellar/gcc-arm-none-eabi/20140805/bin/../lib/gcc/arm-none-eabi/4.8.4/../../../../arm-none-eabi/lib/armv6-m/libg_s.a(lib_a-init.o)
                              /usr/local/Cellar/gcc-arm-none-eabi/20140805/bin/../lib/gcc/arm-none-eabi/4.8.4/../../../../arm-none-eabi/lib/armv6-m/crt0.o (__libc_init_array)
/usr/local/Cellar/gcc-arm-none-eabi/20140805/bin/../lib/gcc/arm-none-eabi/4.8.4/../../../../arm-none-eabi/lib/armv6-m/libg_s.a(lib_a-memcpy-stub.o)
                              ./drivers/fsl_flash.o (memcpy)
/usr/local/Cellar/gcc-arm-none-eabi/20140805/bin/../lib/gcc/arm-none-eabi/4.8.4/../../../../arm-none-eabi/lib/armv6-m/libg_s.a(lib_a-memmove.o)
                              ./utilities/fsl_shell.o (memmove)
/usr/local/Cellar/gcc-arm-none-eabi/20140805/bin/../lib/gcc/arm-none-eabi/4.8.4/../../../../arm-none-eabi/lib/armv6-m/libg_s.a(lib_a-memset.o)
                              /usr/local/Cellar/gcc-arm-none-eabi/20140805/bin/../lib/gcc/arm-none-eabi/4.8.4/../../../../arm-none-eabi/lib/armv6-m/crt0.o (memset)
/usr/local/Cellar/gcc-arm-none-eabi/20140805/bin/../lib/gcc/arm-none-eabi/4.8.4/../../../../arm-none-eabi/lib/armv6-m/libg_s.a(lib_a-strlen.o)
                              ./utilities/fsl_debug_console.o (strlen)
/usr/local/Cellar/gcc-arm-none-eabi/20140805/bin/../lib/gcc/arm-none-eabi/4.8.4/../../../../arm-none-eabi/lib/armv6-m/libnosys.a(_exit.o)
                              /usr/local/Cellar/gcc-arm-none-eabi/20140805/bin/../lib/gcc/arm-none-eabi/4.8.4/../../../../arm-none-eabi/lib/armv6-m/libg_s.a(lib_a-exit.o) (_exit)

Allocating common symbols
Common symbol       size              file

s_saiHandle         0x8               ./drivers/fsl_sai.o
g_xtal32Freq        0x4               ./drivers/fsl_clock.o
g_xtal0Freq         0x4               ./drivers/fsl_clock.o

Discarded input sections

 .text          0x0000000000000000        0x0 /usr/local/Cellar/gcc-arm-none-eabi/20140805/bin/../lib/gcc/arm-none-eabi/4.8.4/armv6-m/crti.o
 .data          0x0000000000000000        0x0 /usr/local/Cellar/gcc-arm-none-eabi/20140805/bin/../lib/gcc/arm-none-eabi/4.8.4/armv6-m/crti.o
 .bss           0x0000000000000000        0x0 /usr/local/Cellar/gcc-arm-none-eabi/20140805/bin/../lib/gcc/arm-none-eabi/4.8.4/armv6-m/crti.o
 .data          0x0000000000000000        0x4 /usr/local/Cellar/gcc-arm-none-eabi/20140805/bin/../lib/gcc/arm-none-eabi/4.8.4/armv6-m/crtbegin.o
 .data          0x0000000000000000        0x0 /usr/local/Cellar/gcc-arm-none-eabi/20140805/bin/../lib/gcc/arm-none-eabi/4.8.4/../../../../arm-none-eabi/lib/armv6-m/crt0.o
 .bss           0x0000000000000000        0x0 /usr/local/Cellar/gcc-arm-none-eabi/20140805/bin/../lib/gcc/arm-none-eabi/4.8.4/../../../../arm-none-eabi/lib/armv6-m/crt0.o
 .ARM.extab     0x0000000000000000        0x0 /usr/local/Cellar/gcc-arm-none-eabi/20140805/bin/../lib/gcc/arm-none-eabi/4.8.4/../../../../arm-none-eabi/lib/armv6-m/crt0.o
 .group         0x0000000000000000        0x8 ./utilities/fsl_debug_console.o
 .group         0x0000000000000000        0x8 ./utilities/fsl_debug_console.o
 .group         0x0000000000000000        0x8 ./utilities/fsl_debug_console.o
 .group         0x0000000000000000        0x8 ./utilities/fsl_debug_console.o
 .group         0x0000000000000000        0x8 ./utilities/fsl_debug_console.o
 .group         0x0000000000000000        0x8 ./utilities/fsl_debug_console.o
[...]
Memory Configuration

Name             Origin             Length             Attributes
m_interrupts     0x0000000000000000 0x0000000000000200 xr
m_flash_config   0x0000000000000400 0x0000000000000010 xr
m_text           0x0000000000000410 0x000000000000fbf0 xr
m_data           0x000000001ffff800 0x0000000000002000 rw
*default*        0x0000000000000000 0xffffffffffffffff

Linker script and memory map

LOAD /usr/local/Cellar/gcc-arm-none-eabi/20140805/bin/../lib/gcc/arm-none-eabi/4.8.4/armv6-m/crti.o
LOAD /usr/local/Cellar/gcc-arm-none-eabi/20140805/bin/../lib/gcc/arm-none-eabi/4.8.4/armv6-m/crtbegin.o
LOAD /usr/local/Cellar/gcc-arm-none-eabi/20140805/bin/../lib/gcc/arm-none-eabi/4.8.4/../../../../arm-none-eabi/lib/armv6-m/crt0.o
LOAD ./utilities/fsl_debug_console.o
LOAD ./utilities/fsl_notifier.o
LOAD ./utilities/fsl_sbrk.o
LOAD ./utilities/fsl_shell.o
LOAD ./startup/startup_MKL16Z4.o
LOAD ./startup/system_MKL16Z4.o
LOAD ./source/main.o
LOAD ./drivers/fsl_adc16.o
LOAD ./drivers/fsl_clock.o
LOAD ./drivers/fsl_cmp.o
LOAD ./drivers/fsl_common.o
LOAD ./drivers/fsl_cop.o
LOAD ./drivers/fsl_dac.o
LOAD ./drivers/fsl_dma.o
LOAD ./drivers/fsl_dmamux.o
LOAD ./drivers/fsl_flash.o
LOAD ./drivers/fsl_gpio.o
LOAD ./drivers/fsl_i2c.o
LOAD ./drivers/fsl_i2c_dma.o
LOAD ./drivers/fsl_llwu.o
LOAD ./drivers/fsl_lpsci.o
LOAD ./drivers/fsl_lpsci_dma.o
LOAD ./drivers/fsl_lptmr.o
LOAD ./drivers/fsl_pit.o
LOAD ./drivers/fsl_pmc.o
LOAD ./drivers/fsl_rcm.o
LOAD ./drivers/fsl_rtc.o
LOAD ./drivers/fsl_sai.o
LOAD ./drivers/fsl_sai_dma.o
LOAD ./drivers/fsl_sim.o
LOAD ./drivers/fsl_smc.o
LOAD ./drivers/fsl_spi.o
LOAD ./drivers/fsl_spi_dma.o
LOAD ./drivers/fsl_tpm.o
LOAD ./drivers/fsl_tsi_v4.o
LOAD ./drivers/fsl_uart.o
LOAD ./drivers/fsl_uart_dma.o
LOAD ./board/board.o
LOAD ./board/clock_config.o
LOAD ./board/pin_mux.o
LOAD /usr/local/Cellar/gcc-arm-none-eabi/20140805/bin/../lib/gcc/arm-none-eabi/4.8.4/../../../../arm-none-eabi/lib/armv6-m/libstdc++_s.a
LOAD /usr/local/Cellar/gcc-arm-none-eabi/20140805/bin/../lib/gcc/arm-none-eabi/4.8.4/../../../../arm-none-eabi/lib/armv6-m/libm.a
START GROUP
LOAD /usr/local/Cellar/gcc-arm-none-eabi/20140805/bin/../lib/gcc/arm-none-eabi/4.8.4/armv6-m/libgcc.a
LOAD /usr/local/Cellar/gcc-arm-none-eabi/20140805/bin/../lib/gcc/arm-none-eabi/4.8.4/../../../../arm-none-eabi/lib/armv6-m/libg_s.a
LOAD /usr/local/Cellar/gcc-arm-none-eabi/20140805/bin/../lib/gcc/arm-none-eabi/4.8.4/../../../../arm-none-eabi/lib/armv6-m/libc_s.a
END GROUP
START GROUP
LOAD /usr/local/Cellar/gcc-arm-none-eabi/20140805/bin/../lib/gcc/arm-none-eabi/4.8.4/armv6-m/libgcc.a
LOAD /usr/local/Cellar/gcc-arm-none-eabi/20140805/bin/../lib/gcc/arm-none-eabi/4.8.4/../../../../arm-none-eabi/lib/armv6-m/libc_s.a
LOAD /usr/local/Cellar/gcc-arm-none-eabi/20140805/bin/../lib/gcc/arm-none-eabi/4.8.4/../../../../arm-none-eabi/lib/armv6-m/libnosys.a
END GROUP
START GROUP
LOAD /usr/local/Cellar/gcc-arm-none-eabi/20140805/bin/../lib/gcc/arm-none-eabi/4.8.4/armv6-m/libgcc.a
LOAD /usr/local/Cellar/gcc-arm-none-eabi/20140805/bin/../lib/gcc/arm-none-eabi/4.8.4/../../../../arm-none-eabi/lib/armv6-m/libc_s.a
LOAD /usr/local/Cellar/gcc-arm-none-eabi/20140805/bin/../lib/gcc/arm-none-eabi/4.8.4/../../../../arm-none-eabi/lib/armv6-m/libnosys.a
END GROUP
LOAD /usr/local/Cellar/gcc-arm-none-eabi/20140805/bin/../lib/gcc/arm-none-eabi/4.8.4/armv6-m/crtend.o
LOAD /usr/local/Cellar/gcc-arm-none-eabi/20140805/bin/../lib/gcc/arm-none-eabi/4.8.4/armv6-m/crtn.o
                0x0000000000000200                HEAP_SIZE = DEFINED (__heap_size__)?__heap_size__:0x200
                0x0000000000000100                STACK_SIZE = DEFINED (__stack_size__)?__stack_size__:0x100
                0x0000000000000000                M_VECTOR_RAM_SIZE = DEFINED (__ram_vector_table__)?0x200:0x0

.interrupts     0x0000000000000000       0xc0
                0x0000000000000000                __VECTOR_TABLE = .
                0x0000000000000000                . = ALIGN (0x4)
 *(.isr_vector)
 .isr_vector    0x0000000000000000       0xc0 ./startup/startup_MKL16Z4.o
                0x0000000000000000                __isr_vector
                0x00000000000000c0                . = ALIGN (0x4)

.flash_config   0x0000000000000400       0x10
                0x0000000000000400                . = ALIGN (0x4)
 *(.FlashConfig)
 .FlashConfig   0x0000000000000400       0x10 ./startup/startup_MKL16Z4.o
                0x0000000000000410                . = ALIGN (0x4)

.text           0x0000000000000410     0x1184
                0x0000000000000410                . = ALIGN (0x4)
 *(.text)
 .text          0x0000000000000410       0x60 /usr/local/Cellar/gcc-arm-none-eabi/20140805/bin/../lib/gcc/arm-none-eabi/4.8.4/armv6-m/crtbegin.o
 .text          0x0000000000000470       0x78 /usr/local/Cellar/gcc-arm-none-eabi/20140805/bin/../lib/gcc/arm-none-eabi/4.8.4/../../../../arm-none-eabi/lib/armv6-m/crt0.o
                0x0000000000000470                _mainCRTStartup
                0x0000000000000470                _start
 .text          0x00000000000004e8       0xd0 ./startup/startup_MKL16Z4.o
                0x00000000000004e8                Reset_Handler
                0x0000000000000528                DAC0_IRQHandler
                0x0000000000000528                RTC_Seconds_IRQHandler
                0x0000000000000528                MCG_IRQHandler
                0x0000000000000528                TPM1_IRQHandler
                0x0000000000000528                Reserved20_IRQHandler
                0x0000000000000528                PIT_IRQHandler
                0x0000000000000528                Reserved45_IRQHandler
                0x0000000000000528                PORTC_PORTD_IRQHandler
                0x0000000000000528                CMP0_IRQHandler
                0x0000000000000528                LPTMR0_IRQHandler
                0x0000000000000528                Reserved40_IRQHandler
                0x0000000000000528                TPM0_IRQHandler
                0x0000000000000528                FTFA_IRQHandler
                0x0000000000000528                LLWU_IRQHandler
                0x0000000000000528                TSI0_IRQHandler
                0x0000000000000528                PORTA_IRQHandler
                0x0000000000000528                ADC0_IRQHandler
                0x0000000000000528                LVD_LVW_IRQHandler
                0x0000000000000528                DefaultISR
                0x0000000000000528                TPM2_IRQHandler
                0x0000000000000528                RTC_IRQHandler
                0x000000000000052c                NMI_Handler
                0x0000000000000530                HardFault_Handler
                0x0000000000000534                SVC_Handler
                0x0000000000000538                PendSV_Handler
                0x000000000000053c                SysTick_Handler
                0x0000000000000540                DMA0_IRQHandler
                0x0000000000000544                DMA1_IRQHandler
                0x0000000000000548                DMA2_IRQHandler
                0x000000000000054c                DMA3_IRQHandler
                0x0000000000000550                I2C0_IRQHandler
                0x0000000000000554                I2C1_IRQHandler
                0x0000000000000558                SPI0_IRQHandler
                0x000000000000055c                SPI1_IRQHandler
                0x0000000000000560                UART0_IRQHandler
                0x0000000000000564                UART1_IRQHandler
                0x0000000000000568                UART2_IRQHandler
                0x000000000000056c                I2S0_IRQHandler
 .text          0x00000000000005b8       0x9c /usr/local/Cellar/gcc-arm-none-eabi/20140805/bin/../lib/gcc/arm-none-eabi/4.8.4/armv6-m/libgcc.a(_udivsi3.o)
                0x00000000000005b8                __udivsi3
                0x00000000000005b8                __aeabi_uidiv
                0x0000000000000640                __aeabi_uidivmod
 .text          0x0000000000000654       0xc0 /usr/local/Cellar/gcc-arm-none-eabi/20140805/bin/../lib/gcc/arm-none-eabi/4.8.4/armv6-m/libgcc.a(_divsi3.o)
                0x0000000000000654                __aeabi_idiv
                0x0000000000000654                __divsi3
                0x0000000000000700                __aeabi_idivmod
 .text          0x0000000000000714        0x4 /usr/local/Cellar/gcc-arm-none-eabi/20140805/bin/../lib/gcc/arm-none-eabi/4.8.4/armv6-m/libgcc.a(_dvmd_tls.o)
                0x0000000000000714                __aeabi_ldiv0
                0x0000000000000714                __aeabi_idiv0
 *(.text*)
 .text.DbgConsole_Printf
                0x0000000000000718       0x48 ./utilities/fsl_debug_console.o
                0x0000000000000718                DbgConsole_Printf
 .text.DbgConsole_Putchar
                0x0000000000000760       0x38 ./utilities/fsl_debug_console.o
                0x0000000000000760                DbgConsole_Putchar
 .text.DbgConsole_PrintfPaddingCharacter
                0x0000000000000798       0x48 ./utilities/fsl_debug_console.o
 .text.DbgConsole_ConvertRadixNumToString
                0x00000000000007e0      0x118 ./utilities/fsl_debug_console.o
 .text.DbgConsole_PrintfFormattedData
                0x00000000000008f8      0x378 ./utilities/fsl_debug_console.o
 .text.SystemInit
                0x0000000000000c70       0x38 ./startup/system_MKL16Z4.o
                0x0000000000000c70                SystemInit
 .text.GPIO_WritePinOutput
                0x0000000000000ca8       0x40 ./source/main.o
 .text.GPIO_TogglePinsOutput
                0x0000000000000ce8       0x18 ./source/main.o
 .text.GPIO_PinInit
                0x0000000000000d00       0x78 ./source/main.o
                0x0000000000000d00                GPIO_PinInit
 .text.delay    0x0000000000000d78       0x2c ./source/main.o
                0x0000000000000d78                delay
 .text.main     0x0000000000000da4       0x40 ./source/main.o
                0x0000000000000da4                main
 .text.__assert_func
                0x0000000000000de4       0x28 ./drivers/fsl_common.o
                0x0000000000000de4                __assert_func
 .text.DMA_ClearChannelStatusFlags
                0x0000000000000e0c       0x60 ./drivers/fsl_dma.o
 .text.DMA_HandleIRQ
                0x0000000000000e6c       0x60 ./drivers/fsl_dma.o
                0x0000000000000e6c                DMA_HandleIRQ
 .text.DMA0_DriverIRQHandler
                0x0000000000000ecc       0x18 ./drivers/fsl_dma.o
                0x0000000000000ecc                DMA0_DriverIRQHandler
 .text.DMA1_DriverIRQHandler
                0x0000000000000ee4       0x18 ./drivers/fsl_dma.o
                0x0000000000000ee4                DMA1_DriverIRQHandler
 .text.DMA2_DriverIRQHandler
                0x0000000000000efc       0x18 ./drivers/fsl_dma.o
                0x0000000000000efc                DMA2_DriverIRQHandler
 .text.DMA3_DriverIRQHandler
                0x0000000000000f14       0x18 ./drivers/fsl_dma.o
                0x0000000000000f14                DMA3_DriverIRQHandler
 .text.I2C_TransferCommonIRQHandler
                0x0000000000000f2c       0x54 ./drivers/fsl_i2c.o
 .text.I2C0_DriverIRQHandler
                0x0000000000000f80       0x20 ./drivers/fsl_i2c.o
                0x0000000000000f80                I2C0_DriverIRQHandler
 .text.I2C1_DriverIRQHandler
                0x0000000000000fa0       0x20 ./drivers/fsl_i2c.o
                0x0000000000000fa0                I2C1_DriverIRQHandler
 .text.UART0_DriverIRQHandler
                0x0000000000000fc0       0x24 ./drivers/fsl_lpsci.o
                0x0000000000000fc0                UART0_DriverIRQHandler
 .text.I2S0_DriverIRQHandler
                0x0000000000000fe4       0x7c ./drivers/fsl_sai.o
                0x0000000000000fe4                I2S0_DriverIRQHandler
 .text.SPI0_DriverIRQHandler
                0x0000000000001060       0x48 ./drivers/fsl_spi.o
                0x0000000000001060                SPI0_DriverIRQHandler
 .text.SPI1_DriverIRQHandler
                0x00000000000010a8       0x48 ./drivers/fsl_spi.o
                0x00000000000010a8                SPI1_DriverIRQHandler
 .text.UART1_DriverIRQHandler
                0x00000000000010f0       0x24 ./drivers/fsl_uart.o
                0x00000000000010f0                UART1_DriverIRQHandler
 .text.UART2_DriverIRQHandler
                0x0000000000001114       0x24 ./drivers/fsl_uart.o
                0x0000000000001114                UART2_DriverIRQHandler
 .text.BOARD_InitDebugConsole
                0x0000000000001138        0x8 ./board/board.o
                0x0000000000001138                BOARD_InitDebugConsole
 .text.BOARD_BootClockRUN
                0x0000000000001140        0x8 ./board/clock_config.o
                0x0000000000001140                BOARD_BootClockRUN
 .text.CLOCK_EnableClock
                0x0000000000001148       0x34 ./board/pin_mux.o
 .text.PORT_SetPinMux
                0x000000000000117c       0x3c ./board/pin_mux.o
 .text.BOARD_InitPins
                0x00000000000011b8       0x24 ./board/pin_mux.o
                0x00000000000011b8                BOARD_InitPins
 .text.exit     0x00000000000011dc       0x2c /usr/local/Cellar/gcc-arm-none-eabi/20140805/bin/../lib/gcc/arm-none-eabi/4.8.4/../../../../arm-none-eabi/lib/armv6-m/libg_s.a(lib_a-exit.o)
                0x00000000000011dc                exit
 .text.__libc_init_array
                0x0000000000001208       0x4c /usr/local/Cellar/gcc-arm-none-eabi/20140805/bin/../lib/gcc/arm-none-eabi/4.8.4/../../../../arm-none-eabi/lib/armv6-m/libg_s.a(lib_a-init.o)
                0x0000000000001208                __libc_init_array
 .text.memset   0x0000000000001254       0x10 /usr/local/Cellar/gcc-arm-none-eabi/20140805/bin/../lib/gcc/arm-none-eabi/4.8.4/../../../../arm-none-eabi/lib/armv6-m/libg_s.a(lib_a-memset.o)
                0x0000000000001254                memset
 .text.strlen   0x0000000000001264        0xe /usr/local/Cellar/gcc-arm-none-eabi/20140805/bin/../lib/gcc/arm-none-eabi/4.8.4/../../../../arm-none-eabi/lib/armv6-m/libg_s.a(lib_a-strlen.o)
                0x0000000000001264                strlen
 *fill*         0x0000000000001272        0x2 
 .text._exit    0x0000000000001274        0x4 /usr/local/Cellar/gcc-arm-none-eabi/20140805/bin/../lib/gcc/arm-none-eabi/4.8.4/../../../../arm-none-eabi/lib/armv6-m/libnosys.a(_exit.o)
                0x0000000000001274                _exit
 *(.rodata)
 .rodata        0x0000000000001278       0x70 ./source/main.o
 .rodata        0x00000000000012e8       0x40 ./drivers/fsl_common.o
 .rodata        0x0000000000001328      0x140 ./drivers/fsl_dma.o
 .rodata        0x0000000000001468       0xa0 ./drivers/fsl_spi.o
 *(.rodata*)
 .rodata.__func__.5664
                0x0000000000001508       0x10 ./source/main.o
 .rodata.__func__.5867
                0x0000000000001518       0x10 ./drivers/fsl_dma.o
 .rodata.__func__.5735
                0x0000000000001528       0x1c ./drivers/fsl_dma.o
 .rodata.__func__.5995
                0x0000000000001544       0x18 ./drivers/fsl_spi.o
 .rodata.__func__.5999
                0x000000000000155c       0x18 ./drivers/fsl_spi.o
 .rodata.str1.1
                0x0000000000001574        0x2 /usr/local/Cellar/gcc-arm-none-eabi/20140805/bin/../lib/gcc/arm-none-eabi/4.8.4/../../../../arm-none-eabi/lib/armv6-m/libg_s.a(lib_a-impure.o)
 *fill*         0x0000000000001576        0x2 
 .rodata._global_impure_ptr
                0x0000000000001578        0x4 /usr/local/Cellar/gcc-arm-none-eabi/20140805/bin/../lib/gcc/arm-none-eabi/4.8.4/../../../../arm-none-eabi/lib/armv6-m/libg_s.a(lib_a-impure.o)
                0x0000000000001578                _global_impure_ptr
 *(.glue_7)
 .glue_7        0x0000000000000000        0x0 linker stubs
 *(.glue_7t)
 .glue_7t       0x0000000000000000        0x0 linker stubs
 *(.eh_frame)
 .eh_frame      0x000000000000157c        0x0 /usr/local/Cellar/gcc-arm-none-eabi/20140805/bin/../lib/gcc/arm-none-eabi/4.8.4/armv6-m/crtbegin.o
 *(.init)
 .init          0x000000000000157c        0x4 /usr/local/Cellar/gcc-arm-none-eabi/20140805/bin/../lib/gcc/arm-none-eabi/4.8.4/armv6-m/crti.o
                0x000000000000157c                _init
 .init          0x0000000000001580        0x8 /usr/local/Cellar/gcc-arm-none-eabi/20140805/bin/../lib/gcc/arm-none-eabi/4.8.4/armv6-m/crtn.o
 *(.fini)
 .fini          0x0000000000001588        0x4 /usr/local/Cellar/gcc-arm-none-eabi/20140805/bin/../lib/gcc/arm-none-eabi/4.8.4/armv6-m/crti.o
                0x0000000000001588                _fini
 .fini          0x000000000000158c        0x8 /usr/local/Cellar/gcc-arm-none-eabi/20140805/bin/../lib/gcc/arm-none-eabi/4.8.4/armv6-m/crtn.o
                0x0000000000001594                . = ALIGN (0x4)

.vfp11_veneer   0x0000000000001594        0x0
 .vfp11_veneer  0x0000000000000000        0x0 linker stubs

.v4_bx          0x0000000000001594        0x0
 .v4_bx         0x0000000000000000        0x0 linker stubs

.iplt           0x0000000000001594        0x0
 .iplt          0x0000000000000000        0x0 /usr/local/Cellar/gcc-arm-none-eabi/20140805/bin/../lib/gcc/arm-none-eabi/4.8.4/armv6-m/crtbegin.o

.ARM.extab
 *(.ARM.extab* .gnu.linkonce.armextab.*)

.ARM            0x0000000000001594        0x8
                0x0000000000001594                __exidx_start = .
 *(.ARM.exidx*)
 .ARM.exidx     0x0000000000001594        0x8 /usr/local/Cellar/gcc-arm-none-eabi/20140805/bin/../lib/gcc/arm-none-eabi/4.8.4/../../../../arm-none-eabi/lib/armv6-m/crt0.o
                0x000000000000159c                __exidx_end = .

.rel.dyn        0x000000000000159c        0x0
 .rel.iplt      0x0000000000000000        0x0 /usr/local/Cellar/gcc-arm-none-eabi/20140805/bin/../lib/gcc/arm-none-eabi/4.8.4/armv6-m/crtbegin.o

.ctors          0x000000000000159c        0x0
                0x000000000000159c                __CTOR_LIST__ = .
 *crtbegin.o(.ctors)
 *crtbegin?.o(.ctors)
 *(EXCLUDE_FILE(*crtend.o *crtend?.o) .ctors)
 *(SORT(.ctors.*))
 *(.ctors)
                0x000000000000159c                __CTOR_END__ = .

.dtors          0x000000000000159c        0x0
                0x000000000000159c                __DTOR_LIST__ = .
 *crtbegin.o(.dtors)
 *crtbegin?.o(.dtors)
 *(EXCLUDE_FILE(*crtend.o *crtend?.o) .dtors)
 *(SORT(.dtors.*))
 *(.dtors)
                0x000000000000159c                __DTOR_END__ = .

.preinit_array  0x000000000000159c        0x0
                0x000000000000159c                PROVIDE (__preinit_array_start, .)
 *(.preinit_array*)
                0x000000000000159c                PROVIDE (__preinit_array_end, .)

.init_array     0x000000000000159c        0x4
                0x000000000000159c                PROVIDE (__init_array_start, .)
 *(SORT(.init_array.*))
 *(.init_array*)
 .init_array    0x000000000000159c        0x4 /usr/local/Cellar/gcc-arm-none-eabi/20140805/bin/../lib/gcc/arm-none-eabi/4.8.4/armv6-m/crtbegin.o
                0x00000000000015a0                PROVIDE (__init_array_end, .)

.fini_array     0x00000000000015a0        0x4
                0x00000000000015a0                PROVIDE (__fini_array_start, .)
 *(SORT(.fini_array.*))
 *(.fini_array*)
 .fini_array    0x00000000000015a0        0x4 /usr/local/Cellar/gcc-arm-none-eabi/20140805/bin/../lib/gcc/arm-none-eabi/4.8.4/armv6-m/crtbegin.o
                0x00000000000015a4                PROVIDE (__fini_array_end, .)
                0x00000000000015a4                __etext = .
                0x00000000000015a4                __DATA_ROM = .

.mtb            0x000000001ffff800        0x0
                0x000000001ffff800                . = ALIGN (0x8)
                0x000000001ffff800                _mtb_start = .
 *(.mtb_buf)
                0x000000001ffff800                . = ALIGN (0x8)
                0x000000001ffff800                _mtb_end = .

.interrupts_ram
                0x000000001ffff800        0x0
                0x000000001ffff800                . = ALIGN (0x4)
                0x000000001ffff800                __VECTOR_RAM__ = .
                0x000000001ffff800                __interrupts_ram_start__ = .
 *(.m_interrupts_ram)
                0x000000001ffff800                . = (. + M_VECTOR_RAM_SIZE)
                0x000000001ffff800                . = ALIGN (0x4)
                0x000000001ffff800                __interrupts_ram_end__ = .
                0x0000000000000000                __VECTOR_RAM = DEFINED (__ram_vector_table__)?__VECTOR_RAM__:ORIGIN (m_interrupts)
                0x0000000000000000                __RAM_VECTOR_TABLE_SIZE_BYTES = DEFINED (__ram_vector_table__)?(__interrupts_ram_end__ - __interrupts_ram_start__):0x0

.data           0x000000001ffff800       0x64 load address 0x00000000000015a4
                0x000000001ffff800                . = ALIGN (0x4)
                0x000000001ffff800                __DATA_RAM = .
                0x000000001ffff800                __data_start__ = .
 *(.data)
 *(.data*)
 .data.impure_data
                0x000000001ffff800       0x60 /usr/local/Cellar/gcc-arm-none-eabi/20140805/bin/../lib/gcc/arm-none-eabi/4.8.4/../../../../arm-none-eabi/lib/armv6-m/libg_s.a(lib_a-impure.o)
 *(.jcr*)
 .jcr           0x000000001ffff860        0x0 /usr/local/Cellar/gcc-arm-none-eabi/20140805/bin/../lib/gcc/arm-none-eabi/4.8.4/armv6-m/crtbegin.o
 .jcr           0x000000001ffff860        0x4 /usr/local/Cellar/gcc-arm-none-eabi/20140805/bin/../lib/gcc/arm-none-eabi/4.8.4/armv6-m/crtend.o
                0x000000001ffff864                . = ALIGN (0x4)
                0x000000001ffff864                __data_end__ = .
                0x0000000000001608                __DATA_END = (__DATA_ROM + (__data_end__ - __data_start__))
                0x0000000000010000                text_end = (ORIGIN (m_text) + 0xfbf0)
                0x0000000000000001                ASSERT ((__DATA_END <= text_end), region m_text overflowed with text and data)

.igot.plt       0x000000001ffff864        0x0 load address 0x0000000000001608
 .igot.plt      0x0000000000000000        0x0 /usr/local/Cellar/gcc-arm-none-eabi/20140805/bin/../lib/gcc/arm-none-eabi/4.8.4/armv6-m/crtbegin.o

.bss            0x000000001ffff864       0x80 load address 0x0000000000001608
                0x000000001ffff864                . = ALIGN (0x4)
                0x000000001ffff864                __START_BSS = .
                0x000000001ffff864                __bss_start__ = .
 *(.bss)
 .bss           0x000000001ffff864       0x1c /usr/local/Cellar/gcc-arm-none-eabi/20140805/bin/../lib/gcc/arm-none-eabi/4.8.4/armv6-m/crtbegin.o
 *(.bss*)
 .bss.s_debugConsole
                0x000000001ffff880       0x10 ./utilities/fsl_debug_console.o
 .bss.s_DMAHandle
                0x000000001ffff890       0x10 ./drivers/fsl_dma.o
 .bss.s_i2cHandle
                0x000000001ffff8a0        0x8 ./drivers/fsl_i2c.o
 .bss.s_i2cMasterIsr
                0x000000001ffff8a8        0x4 ./drivers/fsl_i2c.o
 .bss.s_i2cSlaveIsr
                0x000000001ffff8ac        0x4 ./drivers/fsl_i2c.o
 .bss.s_lpsciHandle
                0x000000001ffff8b0        0x4 ./drivers/fsl_lpsci.o
 .bss.s_lpsciIsr
                0x000000001ffff8b4        0x4 ./drivers/fsl_lpsci.o
 .bss.s_saiTxIsr
                0x000000001ffff8b8        0x4 ./drivers/fsl_sai.o
 .bss.s_saiRxIsr
                0x000000001ffff8bc        0x4 ./drivers/fsl_sai.o
 .bss.s_spiHandle
                0x000000001ffff8c0        0x8 ./drivers/fsl_spi.o
 .bss.s_spiIsr  0x000000001ffff8c8        0x4 ./drivers/fsl_spi.o
 .bss.s_uartHandle
                0x000000001ffff8cc        0xc ./drivers/fsl_uart.o
 .bss.s_uartIsr
                0x000000001ffff8d8        0x4 ./drivers/fsl_uart.o
 *(COMMON)
 COMMON         0x000000001ffff8dc        0x8 ./drivers/fsl_sai.o
                0x000000001ffff8dc                s_saiHandle
                0x000000001ffff8e4                . = ALIGN (0x4)
                0x000000001ffff8e4                __bss_end__ = .
                0x000000001ffff8e4                __END_BSS = .

.heap           0x000000001ffff8e4      0x204 load address 0x0000000000001688
                0x000000001ffff8e8                . = ALIGN (0x8)
 *fill*         0x000000001ffff8e4        0x4 
                0x000000001ffff8e8                __end__ = .
                0x000000001ffff8e8                PROVIDE (end, .)
                0x000000001ffff8e8                __HeapBase = .
                0x000000001ffffae8                . = (. + HEAP_SIZE)
 *fill*         0x000000001ffff8e8      0x200 
                0x000000001ffffae8                __HeapLimit = .
                0x000000001ffffae8                __heap_limit = .

.stack          0x000000001ffffae8      0x100 load address 0x000000000000188c
                0x000000001ffffae8                . = ALIGN (0x8)
                0x000000001ffffbe8                . = (. + STACK_SIZE)
 *fill*         0x000000001ffffae8      0x100 
                0x0000000020001800                __StackTop = (ORIGIN (m_data) + 0x2000)
                0x0000000020001700                __StackLimit = (__StackTop - STACK_SIZE)
                0x0000000020001800                PROVIDE (__stack, __StackTop)

.ARM.attributes
                0x0000000000000000       0x28
 *(.ARM.attributes)
 .ARM.attributes
                0x0000000000000000       0x1e /usr/local/Cellar/gcc-arm-none-eabi/20140805/bin/../lib/gcc/arm-none-eabi/4.8.4/armv6-m/crti.o
 .ARM.attributes
                0x000000000000001e       0x2c /usr/local/Cellar/gcc-arm-none-eabi/20140805/bin/../lib/gcc/arm-none-eabi/4.8.4/armv6-m/crtbegin.o
 .ARM.attributes
                0x000000000000004a       0x1b /usr/local/Cellar/gcc-arm-none-eabi/20140805/bin/../lib/gcc/arm-none-eabi/4.8.4/../../../../arm-none-eabi/lib/armv6-m/crt0.o
 .ARM.attributes
                0x0000000000000065       0x32 ./utilities/fsl_debug_console.o
 .ARM.attributes
                0x0000000000000097       0x1b ./startup/startup_MKL16Z4.o
 .ARM.attributes
                0x00000000000000b2       0x32 ./startup/system_MKL16Z4.o
 .ARM.attributes
                0x00000000000000e4       0x32 ./source/main.o
 .ARM.attributes
                0x0000000000000116       0x32 ./drivers/fsl_common.o
 .ARM.attributes
                0x0000000000000148       0x32 ./drivers/fsl_dma.o
 .ARM.attributes
                0x000000000000017a       0x32 ./drivers/fsl_i2c.o
 .ARM.attributes
                0x00000000000001ac       0x32 ./drivers/fsl_lpsci.o
 .ARM.attributes
                0x00000000000001de       0x32 ./drivers/fsl_sai.o
 .ARM.attributes
                0x0000000000000210       0x32 ./drivers/fsl_spi.o
 .ARM.attributes
                0x0000000000000242       0x32 ./drivers/fsl_uart.o
 .ARM.attributes
                0x0000000000000274       0x32 ./board/board.o
 .ARM.attributes
                0x00000000000002a6       0x32 ./board/clock_config.o
 .ARM.attributes
                0x00000000000002d8       0x32 ./board/pin_mux.o
 .ARM.attributes
                0x000000000000030a       0x1e /usr/local/Cellar/gcc-arm-none-eabi/20140805/bin/../lib/gcc/arm-none-eabi/4.8.4/armv6-m/libgcc.a(_udivsi3.o)
 .ARM.attributes
                0x0000000000000328       0x1e /usr/local/Cellar/gcc-arm-none-eabi/20140805/bin/../lib/gcc/arm-none-eabi/4.8.4/armv6-m/libgcc.a(_divsi3.o)
 .ARM.attributes
                0x0000000000000346       0x1e /usr/local/Cellar/gcc-arm-none-eabi/20140805/bin/../lib/gcc/arm-none-eabi/4.8.4/armv6-m/libgcc.a(_dvmd_tls.o)
 .ARM.attributes
                0x0000000000000364       0x2c /usr/local/Cellar/gcc-arm-none-eabi/20140805/bin/../lib/gcc/arm-none-eabi/4.8.4/../../../../arm-none-eabi/lib/armv6-m/libg_s.a(lib_a-exit.o)
 .ARM.attributes
                0x0000000000000390       0x2c /usr/local/Cellar/gcc-arm-none-eabi/20140805/bin/../lib/gcc/arm-none-eabi/4.8.4/../../../../arm-none-eabi/lib/armv6-m/libg_s.a(lib_a-impure.o)
 .ARM.attributes
                0x00000000000003bc       0x2c /usr/local/Cellar/gcc-arm-none-eabi/20140805/bin/../lib/gcc/arm-none-eabi/4.8.4/../../../../arm-none-eabi/lib/armv6-m/libg_s.a(lib_a-init.o)
 .ARM.attributes
                0x00000000000003e8       0x2c /usr/local/Cellar/gcc-arm-none-eabi/20140805/bin/../lib/gcc/arm-none-eabi/4.8.4/../../../../arm-none-eabi/lib/armv6-m/libg_s.a(lib_a-memset.o)
 .ARM.attributes
                0x0000000000000414       0x2c /usr/local/Cellar/gcc-arm-none-eabi/20140805/bin/../lib/gcc/arm-none-eabi/4.8.4/../../../../arm-none-eabi/lib/armv6-m/libg_s.a(lib_a-strlen.o)
 .ARM.attributes
                0x0000000000000440       0x2c /usr/local/Cellar/gcc-arm-none-eabi/20140805/bin/../lib/gcc/arm-none-eabi/4.8.4/../../../../arm-none-eabi/lib/armv6-m/libnosys.a(_exit.o)
 .ARM.attributes
                0x000000000000046c       0x2c /usr/local/Cellar/gcc-arm-none-eabi/20140805/bin/../lib/gcc/arm-none-eabi/4.8.4/armv6-m/crtend.o
 .ARM.attributes
                0x0000000000000498       0x1e /usr/local/Cellar/gcc-arm-none-eabi/20140805/bin/../lib/gcc/arm-none-eabi/4.8.4/armv6-m/crtn.o
                0x0000000000000001                ASSERT ((__StackLimit >= __HeapLimit), region m_data overflowed with stack and heap)
OUTPUT(i6.elf elf32-littlearm)

.debug_info     0x0000000000000000     0xa361
 .debug_info    0x0000000000000000      0xdbe ./utilities/fsl_debug_console.o
 .debug_info    0x0000000000000dbe       0x69 ./startup/startup_MKL16Z4.o
 .debug_info    0x0000000000000e27      0x41a ./startup/system_MKL16Z4.o
 .debug_info    0x0000000000001241      0x78b ./source/main.o
 .debug_info    0x00000000000019cc      0x371 ./drivers/fsl_common.o
 .debug_info    0x0000000000001d3d      0xfcb ./drivers/fsl_dma.o
 .debug_info    0x0000000000002d08     0x19d1 ./drivers/fsl_i2c.o
 .debug_info    0x00000000000046d9     0x1636 ./drivers/fsl_lpsci.o
 .debug_info    0x0000000000005d0f     0x17db ./drivers/fsl_sai.o
 .debug_info    0x00000000000074ea     0x14bb ./drivers/fsl_spi.o
 .debug_info    0x00000000000089a5     0x15bc ./drivers/fsl_uart.o
 .debug_info    0x0000000000009f61       0x88 ./board/board.o
 .debug_info    0x0000000000009fe9       0x3b ./board/clock_config.o
 .debug_info    0x000000000000a024      0x33d ./board/pin_mux.o

.debug_abbrev   0x0000000000000000     0x192a
 .debug_abbrev  0x0000000000000000      0x254 ./utilities/fsl_debug_console.o
 .debug_abbrev  0x0000000000000254       0x14 ./startup/startup_MKL16Z4.o
 .debug_abbrev  0x0000000000000268      0x109 ./startup/system_MKL16Z4.o
 .debug_abbrev  0x0000000000000371      0x1e3 ./source/main.o
 .debug_abbrev  0x0000000000000554      0x157 ./drivers/fsl_common.o
 .debug_abbrev  0x00000000000006ab      0x269 ./drivers/fsl_dma.o
 .debug_abbrev  0x0000000000000914      0x2e8 ./drivers/fsl_i2c.o
 .debug_abbrev  0x0000000000000bfc      0x34d ./drivers/fsl_lpsci.o
 .debug_abbrev  0x0000000000000f49      0x275 ./drivers/fsl_sai.o
 .debug_abbrev  0x00000000000011be      0x26a ./drivers/fsl_spi.o
 .debug_abbrev  0x0000000000001428      0x365 ./drivers/fsl_uart.o
 .debug_abbrev  0x000000000000178d       0x45 ./board/board.o
 .debug_abbrev  0x00000000000017d2       0x2f ./board/clock_config.o
 .debug_abbrev  0x0000000000001801      0x129 ./board/pin_mux.o

.debug_aranges  0x0000000000000000      0x918
 .debug_aranges
                0x0000000000000000       0xa0 ./utilities/fsl_debug_console.o
 .debug_aranges
                0x00000000000000a0       0x20 ./startup/startup_MKL16Z4.o
 .debug_aranges
                0x00000000000000c0       0x28 ./startup/system_MKL16Z4.o
 .debug_aranges
                0x00000000000000e8       0x80 ./source/main.o
 .debug_aranges
                0x0000000000000168       0x28 ./drivers/fsl_common.o
 .debug_aranges
                0x0000000000000190       0xd0 ./drivers/fsl_dma.o
 .debug_aranges
                0x0000000000000260      0x170 ./drivers/fsl_i2c.o
 .debug_aranges
                0x00000000000003d0      0x128 ./drivers/fsl_lpsci.o
 .debug_aranges
                0x00000000000004f8      0x150 ./drivers/fsl_sai.o
 .debug_aranges
                0x0000000000000648      0x120 ./drivers/fsl_spi.o
 .debug_aranges
                0x0000000000000768      0x140 ./drivers/fsl_uart.o
 .debug_aranges
                0x00000000000008a8       0x20 ./board/board.o
 .debug_aranges
                0x00000000000008c8       0x20 ./board/clock_config.o
 .debug_aranges
                0x00000000000008e8       0x30 ./board/pin_mux.o

.debug_ranges   0x0000000000000000      0x828
 .debug_ranges  0x0000000000000000       0x90 ./utilities/fsl_debug_console.o
 .debug_ranges  0x0000000000000090       0x18 ./startup/system_MKL16Z4.o
 .debug_ranges  0x00000000000000a8       0x70 ./source/main.o
 .debug_ranges  0x0000000000000118       0x18 ./drivers/fsl_common.o
 .debug_ranges  0x0000000000000130       0xc0 ./drivers/fsl_dma.o
 .debug_ranges  0x00000000000001f0      0x160 ./drivers/fsl_i2c.o
 .debug_ranges  0x0000000000000350      0x118 ./drivers/fsl_lpsci.o
 .debug_ranges  0x0000000000000468      0x140 ./drivers/fsl_sai.o
 .debug_ranges  0x00000000000005a8      0x110 ./drivers/fsl_spi.o
 .debug_ranges  0x00000000000006b8      0x130 ./drivers/fsl_uart.o
 .debug_ranges  0x00000000000007e8       0x10 ./board/board.o
 .debug_ranges  0x00000000000007f8       0x10 ./board/clock_config.o
 .debug_ranges  0x0000000000000808       0x20 ./board/pin_mux.o

.debug_macro    0x0000000000000000     0x8df3
 .debug_macro   0x0000000000000000      0x1fb ./utilities/fsl_debug_console.o
 .debug_macro   0x00000000000001fb      0x80e ./utilities/fsl_debug_console.o
 .debug_macro   0x0000000000000a09       0x58 ./utilities/fsl_debug_console.o
 .debug_macro   0x0000000000000a61       0x58 ./utilities/fsl_debug_console.o
 .debug_macro   0x0000000000000ab9       0x16 ./utilities/fsl_debug_console.o
 .debug_macro   0x0000000000000acf       0x35 ./utilities/fsl_debug_console.o
 .debug_macro   0x0000000000000b04       0xa3 ./utilities/fsl_debug_console.o
 .debug_macro   0x0000000000000ba7       0x16 ./utilities/fsl_debug_console.o
 .debug_macro   0x0000000000000bbd      0x10e ./utilities/fsl_debug_console.o
 .debug_macro   0x0000000000000ccb       0x7f ./utilities/fsl_debug_console.o
 .debug_macro   0x0000000000000d4a       0x4a ./utilities/fsl_debug_console.o
 .debug_macro   0x0000000000000d94       0x52 ./utilities/fsl_debug_console.o
 .debug_macro   0x0000000000000de6       0x16 ./utilities/fsl_debug_console.o
 .debug_macro   0x0000000000000dfc       0x43 ./utilities/fsl_debug_console.o
 .debug_macro   0x0000000000000e3f      0x180 ./utilities/fsl_debug_console.o
 .debug_macro   0x0000000000000fbf       0x16 ./utilities/fsl_debug_console.o
 .debug_macro   0x0000000000000fd5       0x29 ./utilities/fsl_debug_console.o
 .debug_macro   0x0000000000000ffe      0x1e1 ./utilities/fsl_debug_console.o
 .debug_macro   0x00000000000011df       0x16 ./utilities/fsl_debug_console.o
 .debug_macro   0x00000000000011f5       0x22 ./utilities/fsl_debug_console.o
 .debug_macro   0x0000000000001217      0x20f ./utilities/fsl_debug_console.o
 .debug_macro   0x0000000000001426      0x2a6 ./utilities/fsl_debug_console.o
 .debug_macro   0x00000000000016cc       0x10 ./utilities/fsl_debug_console.o
 .debug_macro   0x00000000000016dc       0x35 ./utilities/fsl_debug_console.o
 .debug_macro   0x0000000000001711       0x1f ./utilities/fsl_debug_console.o
 .debug_macro   0x0000000000001730       0x10 ./utilities/fsl_debug_console.o
 .debug_macro   0x0000000000001740       0x3f ./utilities/fsl_debug_console.o
 .debug_macro   0x000000000000177f       0x3a ./utilities/fsl_debug_console.o
 .debug_macro   0x00000000000017b9       0x26 ./utilities/fsl_debug_console.o
 .debug_macro   0x00000000000017df      0x329 ./utilities/fsl_debug_console.o
 .debug_macro   0x0000000000001b08       0x3c ./utilities/fsl_debug_console.o
 .debug_macro   0x0000000000001b44     0x4d6d ./utilities/fsl_debug_console.o
 .debug_macro   0x00000000000068b1     0x1348 ./utilities/fsl_debug_console.o
 .debug_macro   0x0000000000007bf9       0x2e ./utilities/fsl_debug_console.o
 .debug_macro   0x0000000000007c27       0x10 ./utilities/fsl_debug_console.o
 .debug_macro   0x0000000000007c37       0xea ./utilities/fsl_debug_console.o
 .debug_macro   0x0000000000007d21       0x35 ./utilities/fsl_debug_console.o
 .debug_macro   0x0000000000007d56       0x3a ./utilities/fsl_debug_console.o
 .debug_macro   0x0000000000007d90       0x10 ./utilities/fsl_debug_console.o
 .debug_macro   0x0000000000007da0       0x9a ./startup/system_MKL16Z4.o
 .debug_macro   0x0000000000007e3a       0x44 ./startup/system_MKL16Z4.o
 .debug_macro   0x0000000000007e7e      0x1cc ./source/main.o
 .debug_macro   0x000000000000804a       0x10 ./source/main.o
 .debug_macro   0x000000000000805a       0x34 ./source/main.o
 .debug_macro   0x000000000000808e      0x192 ./drivers/fsl_common.o
 .debug_macro   0x0000000000008220      0x18f ./drivers/fsl_dma.o
 .debug_macro   0x00000000000083af      0x18e ./drivers/fsl_i2c.o
 .debug_macro   0x000000000000853d       0x10 ./drivers/fsl_i2c.o
 .debug_macro   0x000000000000854d      0x18f ./drivers/fsl_lpsci.o
 .debug_macro   0x00000000000086dc      0x18e ./drivers/fsl_sai.o
 .debug_macro   0x000000000000886a       0x11 ./drivers/fsl_sai.o
 .debug_macro   0x000000000000887b      0x18e ./drivers/fsl_spi.o
 .debug_macro   0x0000000000008a09       0x10 ./drivers/fsl_spi.o
 .debug_macro   0x0000000000008a19      0x195 ./drivers/fsl_uart.o
 .debug_macro   0x0000000000008bae       0x91 ./board/board.o
 .debug_macro   0x0000000000008c3f       0x11 ./board/clock_config.o
 .debug_macro   0x0000000000008c50      0x1a3 ./board/pin_mux.o

.debug_line     0x0000000000000000     0x4e64
 .debug_line    0x0000000000000000      0x82d ./utilities/fsl_debug_console.o
 .debug_line    0x000000000000082d       0xcc ./startup/startup_MKL16Z4.o
 .debug_line    0x00000000000008f9      0x2a1 ./startup/system_MKL16Z4.o
 .debug_line    0x0000000000000b9a      0x519 ./source/main.o
 .debug_line    0x00000000000010b3      0x3d5 ./drivers/fsl_common.o
 .debug_line    0x0000000000001488      0x63a ./drivers/fsl_dma.o
 .debug_line    0x0000000000001ac2      0xac2 ./drivers/fsl_i2c.o
 .debug_line    0x0000000000002584      0x8c3 ./drivers/fsl_lpsci.o
 .debug_line    0x0000000000002e47      0x8ea ./drivers/fsl_sai.o
 .debug_line    0x0000000000003731      0x848 ./drivers/fsl_spi.o
 .debug_line    0x0000000000003f79      0x8c2 ./drivers/fsl_uart.o
 .debug_line    0x000000000000483b      0x225 ./board/board.o
 .debug_line    0x0000000000004a60       0x48 ./board/clock_config.o
 .debug_line    0x0000000000004aa8      0x3bc ./board/pin_mux.o

.debug_str      0x0000000000000000    0x344d1
 .debug_str     0x0000000000000000    0x303f3 ./utilities/fsl_debug_console.o
                                      0x3085d (size before relaxing)
 .debug_str     0x00000000000303f3      0x16b ./startup/system_MKL16Z4.o
                                      0x2c3a7 (size before relaxing)
 .debug_str     0x000000000003055e      0x287 ./source/main.o
                                      0x2f6ac (size before relaxing)
 .debug_str     0x00000000000307e5      0x29f ./drivers/fsl_common.o
                                      0x2f432 (size before relaxing)
 .debug_str     0x0000000000030a84      0x97e ./drivers/fsl_dma.o
                                      0x3000a (size before relaxing)
 .debug_str     0x0000000000031402      0xbe3 ./drivers/fsl_i2c.o
                                      0x304ea (size before relaxing)
 .debug_str     0x0000000000031fe5      0x94e ./drivers/fsl_lpsci.o
                                      0x30391 (size before relaxing)
 .debug_str     0x0000000000032933      0x944 ./drivers/fsl_sai.o
                                      0x30294 (size before relaxing)
 .debug_str     0x0000000000033277      0x8ce ./drivers/fsl_spi.o
                                      0x30236 (size before relaxing)
 .debug_str     0x0000000000033b45      0x809 ./drivers/fsl_uart.o
                                      0x303b6 (size before relaxing)
 .debug_str     0x000000000003434e       0x4a ./board/board.o
                                      0x254b5 (size before relaxing)
 .debug_str     0x0000000000034398       0x2b ./board/clock_config.o
                                       0x22e9 (size before relaxing)
 .debug_str     0x00000000000343c3      0x10e ./board/pin_mux.o
                                      0x2f36a (size before relaxing)

.comment        0x0000000000000000       0x70
 .comment       0x0000000000000000       0x70 ./utilities/fsl_debug_console.o
                                         0x71 (size before relaxing)
 .comment       0x0000000000000000       0x71 ./startup/system_MKL16Z4.o
 .comment       0x0000000000000000       0x71 ./source/main.o
 .comment       0x0000000000000000       0x71 ./drivers/fsl_common.o
 .comment       0x0000000000000000       0x71 ./drivers/fsl_dma.o
 .comment       0x0000000000000000       0x71 ./drivers/fsl_i2c.o
 .comment       0x0000000000000000       0x71 ./drivers/fsl_lpsci.o
 .comment       0x0000000000000000       0x71 ./drivers/fsl_sai.o
 .comment       0x0000000000000000       0x71 ./drivers/fsl_spi.o
 .comment       0x0000000000000000       0x71 ./drivers/fsl_uart.o
 .comment       0x0000000000000000       0x71 ./board/board.o
 .comment       0x0000000000000000       0x71 ./board/clock_config.o
 .comment       0x0000000000000000       0x71 ./board/pin_mux.o

.debug_frame    0x0000000000000000     0x2078
 .debug_frame   0x0000000000000000      0x22c ./utilities/fsl_debug_console.o
 .debug_frame   0x000000000000022c       0x4c ./startup/system_MKL16Z4.o
 .debug_frame   0x0000000000000278      0x1b0 ./source/main.o
 .debug_frame   0x0000000000000428       0x50 ./drivers/fsl_common.o
 .debug_frame   0x0000000000000478      0x2e0 ./drivers/fsl_dma.o
 .debug_frame   0x0000000000000758      0x568 ./drivers/fsl_i2c.o
 .debug_frame   0x0000000000000cc0      0x44c ./drivers/fsl_lpsci.o
 .debug_frame   0x000000000000110c      0x4ec ./drivers/fsl_sai.o
 .debug_frame   0x00000000000015f8      0x428 ./drivers/fsl_spi.o
 .debug_frame   0x0000000000001a20      0x4a0 ./drivers/fsl_uart.o
 .debug_frame   0x0000000000001ec0       0x2c ./board/board.o
 .debug_frame   0x0000000000001eec       0x2c ./board/clock_config.o
 .debug_frame   0x0000000000001f18       0x6c ./board/pin_mux.o
 .debug_frame   0x0000000000001f84       0x20 /usr/local/Cellar/gcc-arm-none-eabi/20140805/bin/../lib/gcc/arm-none-eabi/4.8.4/armv6-m/libgcc.a(_udivsi3.o)
 .debug_frame   0x0000000000001fa4       0x20 /usr/local/Cellar/gcc-arm-none-eabi/20140805/bin/../lib/gcc/arm-none-eabi/4.8.4/armv6-m/libgcc.a(_divsi3.o)
 .debug_frame   0x0000000000001fc4       0x28 /usr/local/Cellar/gcc-arm-none-eabi/20140805/bin/../lib/gcc/arm-none-eabi/4.8.4/../../../../arm-none-eabi/lib/armv6-m/libg_s.a(lib_a-exit.o)
 .debug_frame   0x0000000000001fec       0x2c /usr/local/Cellar/gcc-arm-none-eabi/20140805/bin/../lib/gcc/arm-none-eabi/4.8.4/../../../../arm-none-eabi/lib/armv6-m/libg_s.a(lib_a-init.o)
 .debug_frame   0x0000000000002018       0x20 /usr/local/Cellar/gcc-arm-none-eabi/20140805/bin/../lib/gcc/arm-none-eabi/4.8.4/../../../../arm-none-eabi/lib/armv6-m/libg_s.a(lib_a-memset.o)
 .debug_frame   0x0000000000002038       0x20 /usr/local/Cellar/gcc-arm-none-eabi/20140805/bin/../lib/gcc/arm-none-eabi/4.8.4/../../../../arm-none-eabi/lib/armv6-m/libg_s.a(lib_a-strlen.o)
 .debug_frame   0x0000000000002058       0x20 /usr/local/Cellar/gcc-arm-none-eabi/20140805/bin/../lib/gcc/arm-none-eabi/4.8.4/../../../../arm-none-eabi/lib/armv6-m/libnosys.a(_exit.o)
